[debug] [2026-08-23T14:38:31.086Z] ----------------------------------------------------------------------
[debug] [2026-08-23T14:38:31.090Z] Command:       C:\Program Files\nodejs\node.exe C:\Users\Quin Ton Tavius\AppData\Local\npm-cache\_npx\7750544ccf494d8b\node_modules\firebase-tools\lib\bin\firebase.js init hosting
[debug] [2026-08-23T14:38:31.090Z] CLI Version:   15.28.1
[debug] [2026-08-23T14:38:31.090Z] Platform:      win32
[debug] [2026-08-23T14:38:31.090Z] Node Version:  v24.19.0
[debug] [2026-08-23T14:38:31.090Z] Detected Agent: unknown
[debug] [2026-08-23T14:38:31.090Z] Time:          Sun Aug 23 2026 07:38:31 GMT-0700 (Pacific Daylight Time)
[debug] [2026-08-23T14:38:31.090Z] ----------------------------------------------------------------------
[debug] 
[info] 
     ######## #### ########  ######## ########     ###     ######  ########
     ##        ##  ##     ## ##       ##     ##  ##   ##  ##       ##
     ######    ##  ########  ######   ########  #########  ######  ######
     ##        ##  ##    ##  ##       ##     ## ##     ##       ## ##
     ##       #### ##     ## ######## ########  ##     ##  ######  ########

You're about to initialize a Firebase project in this directory:

  C:\Users\Quin Ton Tavius\Desktop\busalamu_secondary_school

[info] 
=== Project Setup
[info] 
[info] First, let's associate this project directory with a Firebase project.
[info] You can create multiple project aliases by running firebase use --add, 
[info] 
[debug] [2026-08-23T14:40:17.449Z] > command requires scopes: ["email","openid","https://www.googleapis.com/auth/cloudplatformprojects.readonly","https://www.googleapis.com/auth/firebase","https://www.googleapis.com/auth/cloud-platform"]
[debug] [2026-08-23T14:40:17.450Z] > authorizing via signed-in user (eshrach@gmail.com)
[debug] [2026-08-23T14:40:17.465Z] Checked if tokens are valid: true, expires at: 1787499413330
[debug] [2026-08-23T14:40:17.465Z] Checked if tokens are valid: true, expires at: 1787499413330
[debug] [2026-08-23T14:40:17.467Z] >>> [apiv2][query] GET https://firebase.googleapis.com/v1beta1/projects pageSize=100
[debug] [2026-08-23T14:40:18.384Z] <<< [apiv2][status] GET https://firebase.googleapis.com/v1beta1/projects 200
[debug] [2026-08-23T14:40:18.384Z] <<< [apiv2][body] GET https://firebase.googleapis.com/v1beta1/projects [omitted]
[info] 
=== Hosting Setup
[debug] [2026-08-23T14:40:26.774Z] Checked if tokens are valid: true, expires at: 1787499413330
[debug] [2026-08-23T14:40:26.774Z] Checked if tokens are valid: true, expires at: 1787499413330
[debug] [2026-08-23T14:40:26.774Z] >>> [apiv2][query] GET https://firebase.googleapis.com/v1beta1/projects/busalamu-bss-gob [none]
[debug] [2026-08-23T14:40:27.912Z] <<< [apiv2][status] GET https://firebase.googleapis.com/v1beta1/projects/busalamu-bss-gob 200
[debug] [2026-08-23T14:40:27.913Z] <<< [apiv2][body] GET https://firebase.googleapis.com/v1beta1/projects/busalamu-bss-gob {"projectId":"busalamu-bss-gob","projectNumber":"658395019508","displayName":"busalamu-bss-gob","name":"projects/busalamu-bss-gob","resources":{"hostingSite":"busalamu-bss-gob"},"state":"ACTIVE","labels":{"firebase":"enabled"},"etag":"1_e89f2ca3-c7df-4f1b-9986-0a4daa8eac33"}
[info] 
[info] Your public directory is the folder (relative to your project directory) that
[info] will contain Hosting assets to be uploaded with firebase deploy. If you
[info] have a build process for your assets, use your build's output directory.
[info] 
[info] 
[info] i  Didn't detect a .git folder. Assuming C:\Users\Quin Ton Tavius\Desktop\busalamu_secondary_school is the project root. 
[info] i  Authorizing with GitHub to upload your service account to a GitHub repository's secrets store. 
[info] 
[info] Visit this URL on this device to log in:
[info] https://github.com/login/oauth/authorize?client_id=89cf50f02ac6aaed3484&state=248572143&redirect_uri=http%3A%2F%2Flocalhost%3A9005&scope=read%3Auser%20repo%20public_repo
[info] 
[info] Waiting for authentication...
[debug] [2026-08-23T14:43:17.924Z] >>> [apiv2][query] POST https://github.com/login/oauth/access_token [none]
[debug] [2026-08-23T14:43:17.924Z] >>> [apiv2][body] POST https://github.com/login/oauth/access_token [stream]
[debug] [2026-08-23T14:43:18.667Z] <<< [apiv2][status] POST https://github.com/login/oauth/access_token 200
[debug] [2026-08-23T14:43:18.668Z] <<< [apiv2][body] POST https://github.com/login/oauth/access_token {"access_token":"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","token_type":"bearer","scope":"read:user,repo"}
[debug] [2026-08-23T14:43:18.705Z] >>> [apiv2][query] GET https://api.github.com/user [none]
[debug] [2026-08-23T14:43:19.549Z] <<< [apiv2][status] GET https://api.github.com/user 200
[debug] [2026-08-23T14:43:19.549Z] <<< [apiv2][body] GET https://api.github.com/user {"login":"eshrach-create","id":319756510,"node_id":"U_kgDOEw8Y3g","avatar_url":"https://avatars.githubusercontent.com/u/319756510?v=4","gravatar_id":"","url":"https://api.github.com/users/eshrach-create","html_url":"https://github.com/eshrach-create","followers_url":"https://api.github.com/users/eshrach-create/followers","following_url":"https://api.github.com/users/eshrach-create/following{/other_user}","gists_url":"https://api.github.com/users/eshrach-create/gists{/gist_id}","starred_url":"https://api.github.com/users/eshrach-create/starred{/owner}{/repo}","subscriptions_url":"https://api.github.com/users/eshrach-create/subscriptions","organizations_url":"https://api.github.com/users/eshrach-create/orgs","repos_url":"https://api.github.com/users/eshrach-create/repos","events_url":"https://api.github.com/users/eshrach-create/events{/privacy}","received_events_url":"https://api.github.com/users/eshrach-create/received_events","type":"User","user_view_type":"private","site_admin":false,"name":null,"company":null,"blog":"","location":null,"email":null,"hireable":null,"bio":null,"twitter_username":null,"notification_email":null,"public_repos":0,"public_gists":0,"followers":0,"following":0,"created_at":"2026-08-22T08:22:54Z","updated_at":"2026-08-22T08:22:54Z","private_gists":0,"total_private_repos":0,"owned_private_repos":0,"disk_usage":0,"collaborators":0,"two_factor_authentication":false,"plan":{"name":"free","space":976562499,"collaborators":0,"private_repos":10000}}
[info] 
[info] +  Success! Logged into GitHub as eshrach-create 
[info] 
[debug] [2026-08-23T14:45:56.609Z] >>> [apiv2][query] GET https://api.github.com/repos/repository/actions/secrets/public-key type=owner
[debug] [2026-08-23T14:45:57.587Z] <<< [apiv2][status] GET https://api.github.com/repos/repository/actions/secrets/public-key 404
[debug] [2026-08-23T14:45:57.587Z] <<< [apiv2][body] GET https://api.github.com/repos/repository/actions/secrets/public-key {"message":"Not Found","documentation_url":"https://docs.github.com/rest","status":"404"}
[info] 
[info] 
[error] !  The provided authorization cannot be used with this repository. If this repository is in an organization, did you remember to grant access? 
[info] 
[info] i  Action required: Visit this URL to ensure access has been granted to the appropriate organization(s) for the Firebase CLI GitHub OAuth App: 
[info] https://github.com/settings/connections/applications/89cf50f02ac6aaed3484
[info] 
